jpuigcerver@fp:~ $ mkdir -p ~/git_avancat_exericici
jpuigcerver@fp:~ $ cd ~/git_avancat_exericici
jpuigcerver@fp:~/git_avancat_exericici $ git init
Initialized empty Git repository in ~/git_avancat_exericici/.git/
jpuigcerver@fp:~/git_avancat_exericici $ git branch -m main
jpuigcerver@fp:~/git_avancat_exericici $ echo "# Exerici Git avançat" > README.md
jpuigcerver@fp:~/git_avancat_exericici $ git add README.md
jpuigcerver@fp:~/git_avancat_exericici $ git commit -m "Commit inicial"
[main (root-commit) 0050132] Commit inicial
 1 file changed, 1 insertion(+)
 create mode 100644 README.md
jpuigcerver@fp:~/git_avancat_exericici $ git branch canvis
jpuigcerver@fp:~/git_avancat_exericici $ git branch canvi/A
jpuigcerver@fp:~/git_avancat_exericici $ git branch canvi/B
jpuigcerver@fp:~/git_avancat_exericici $ git branch canvi/C
jpuigcerver@fp:~/git_avancat_exericici $ git checkout canvis
Switched to branch 'canvis'
jpuigcerver@fp:~/git_avancat_exericici $ echo "__Canvis__: " >> README.md
jpuigcerver@fp:~/git_avancat_exericici $ git commit -a -m "Canvis"
[canvis df813e2] Canvis
 1 file changed, 1 insertion(+)
jpuigcerver@fp:~/git_avancat_exericici $ git checkout canvi/A
Switched to branch 'canvi/A'
jpuigcerver@fp:~/git_avancat_exericici $ echo "- Canvi A" >> README.md
jpuigcerver@fp:~/git_avancat_exericici $ git commit -a -m "canviA"
[canvi/A 0c132ed] canviA
 1 file changed, 1 insertion(+)
jpuigcerver@fp:~/git_avancat_exericici $ git checkout canvi/B
Switched to branch 'canvi/B'
jpuigcerver@fp:~/git_avancat_exericici $ echo "- Canvi B" >> README.md
jpuigcerver@fp:~/git_avancat_exericici $ git commit -a -m "Canvi B"
[canvi/B 5c3f58e] Canvi B
 1 file changed, 1 insertion(+)
jpuigcerver@fp:~/git_avancat_exericici $ git checkout canvi/C
Switched to branch 'canvi/C'
jpuigcerver@fp:~/git_avancat_exericici $ echo "- Canvi C" >> README.md
jpuigcerver@fp:~/git_avancat_exericici $ git commit -a -m "Canvi C"
[canvi/C 66843a6] Canvi C
 1 file changed, 1 insertion(+)
jpuigcerver@fp:~/git_avancat_exericici $ git checkout canvi/B
Switched to branch 'canvi/B'
jpuigcerver@fp:~/git_avancat_exericici $ git merge --no-ff canvi/A
Auto-merging README.md
CONFLICT (content): Merge conflict in README.md
Automatic merge failed; fix conflicts and then commit the result.
jpuigcerver@fp:~/git_avancat_exericici $ sed -i '/^<<<<<<<.*$/d; /^=======/d; /^>>>>>>>.*$/d' README.md # Elimina les marques de conflicte
jpuigcerver@fp:~/git_avancat_exericici $ git commit -a -m "Merge 'canvi/A' a 'canvi/B'"
[canvi/B 571aa24] Merge 'canvi/A' a 'canvi/B'
jpuigcerver@fp:~/git_avancat_exericici $ git checkout canvi/C
Switched to branch 'canvi/C'
jpuigcerver@fp:~/git_avancat_exericici $ git merge --no-ff canvi/B
Auto-merging README.md
CONFLICT (content): Merge conflict in README.md
Automatic merge failed; fix conflicts and then commit the result.
jpuigcerver@fp:~/git_avancat_exericici $ sed -i '/^<<<<<<<.*$/d; /^=======/d; /^>>>>>>>.*$/d' README.md
jpuigcerver@fp:~/git_avancat_exericici $ git commit -a -m "Merge 'canvi/B' a 'canvi/C'"
[canvi/C 0933c0b] Merge 'canvi/B' a 'canvi/C'
jpuigcerver@fp:~/git_avancat_exericici $ git checkout canvis
Switched to branch 'canvis'
jpuigcerver@fp:~/git_avancat_exericici $ git merge --no-ff canvi/C
Auto-merging README.md
CONFLICT (content): Merge conflict in README.md
Automatic merge failed; fix conflicts and then commit the result.
jpuigcerver@fp:~/git_avancat_exericici $ sed -i '/^<<<<<<<.*$/d; /^=======/d; /^>>>>>>>.*$/d' README.md
jpuigcerver@fp:~/git_avancat_exericici $ git commit -a -m "Merge 'canvi/C' a 'canvis'"
[canvis 7c1b47b] Merge 'canvi/C' a 'canvis'
jpuigcerver@fp:~/git_avancat_exericici $ git lga
*   7c1b47b - (0 seconds ago) Merge 'canvi/C' a 'canvis' - Joan Puigcerver (HEAD -> canvis)
|\  
| *   0933c0b - (0 seconds ago) Merge 'canvi/B' a 'canvi/C' - Joan Puigcerver (canvi/C)
| |\  
| | *   571aa24 - (0 seconds ago) Merge 'canvi/A' a 'canvi/B' - Joan Puigcerver (canvi/B)
| | |\  
| | | * 0c132ed - (0 seconds ago) canviA - Joan Puigcerver (canvi/A)
| | * | 5c3f58e - (0 seconds ago) Canvi B - Joan Puigcerver
| | |/  
| * / 66843a6 - (0 seconds ago) Canvi C - Joan Puigcerver
| |/  
* / df813e2 - (0 seconds ago) Canvis - Joan Puigcerver
|/  
* 0050132 - (0 seconds ago) Commit inicial - Joan Puigcerver (main)
