jpuigcerver@fp:~ $ mkdir -p ~/git_stash
jpuigcerver@fp:~ $ cd ~/git_stash
jpuigcerver@fp:~/git_stash $ git init
Initialized empty Git repository in ~/git_stash/.git/
jpuigcerver@fp:~/git_stash (main) $ git branch -m main
jpuigcerver@fp:~/git_stash (main) $ echo "# Reserva de canvis" > README.md
jpuigcerver@fp:~/git_stash (main) $ git add README.md
jpuigcerver@fp:~/git_stash (main) $ git commit -m "Commit inicial"
[main (root-commit) fba8bc4] Commit inicial
 1 file changed, 1 insertion(+)
 create mode 100644 README.md
jpuigcerver@fp:~/git_stash (main) $ echo "Repositori d'exemple amb reserva de canvis" >> README.md
jpuigcerver@fp:~/git_stash (main) $ git commit -a -m "README: Descripció"
[main f4e28c6] README: Descripció
 1 file changed, 1 insertion(+)
jpuigcerver@fp:~/git_stash (main) $ git checkout -b feature/documentacio
Switched to a new branch 'feature/documentacio'
jpuigcerver@fp:~/git_stash (feature/documentacio) $ echo "" >> README.md
jpuigcerver@fp:~/git_stash (feature/documentacio) $ echo "## Documentació" >> README.md
jpuigcerver@fp:~/git_stash (feature/documentacio) $ echo "- https://git-scm.com/docs/git-stash" >> README.md
jpuigcerver@fp:~/git_stash (feature/documentacio) $ git commit -a -m "README: Documentació"
[feature/documentacio 305357f] README: Documentació
 1 file changed, 3 insertions(+)
jpuigcerver@fp:~/git_stash (feature/documentacio) $ git checkout main
Switched to branch 'main'
jpuigcerver@fp:~/git_stash (main) $ git lga
* 305357f - (0 seconds ago) README: Documentació - Joan Puigcerver (feature/documentacio)
* f4e28c6 - (0 seconds ago) README: Descripció - Joan Puigcerver (HEAD -> main)
* fba8bc4 - (0 seconds ago) Commit inicial - Joan Puigcerver
