jpuigcerver@fp:~ $ mkdir -p ~/git_revert
jpuigcerver@fp:~ $ cd ~/git_revert
jpuigcerver@fp:~/git_revert $ git init
Initialized empty Git repository in ~/git_revert/.git/
jpuigcerver@fp:~/git_revert (main) $ git branch -m main
jpuigcerver@fp:~/git_revert (main) $ echo "# Git revert" > README.md
jpuigcerver@fp:~/git_revert (main) $ git add README.md
jpuigcerver@fp:~/git_revert (main) $ git commit -m "Commit inicial"
[main (root-commit) ea15df3] Commit inicial
 1 file changed, 1 insertion(+)
 create mode 100644 README.md
jpuigcerver@fp:~/git_revert (main) $ echo "- Canvi A" >> README.md
jpuigcerver@fp:~/git_revert (main) $ git commit -a -m "Canvi A"
[main 662daed] Canvi A
 1 file changed, 1 insertion(+)
jpuigcerver@fp:~/git_revert (main) $ echo "- Canvi B" >> README.md
jpuigcerver@fp:~/git_revert (main) $ git commit -a -m "Canvi B"
[main 3301ec5] Canvi B
 1 file changed, 1 insertion(+)
jpuigcerver@fp:~/git_revert (main) $ echo "- Canvi C" >> README.md
jpuigcerver@fp:~/git_revert (main) $ git commit -a -m "Canvi C"
[main ca9c622] Canvi C
 1 file changed, 1 insertion(+)
jpuigcerver@fp:~/git_revert (main) $ echo "- Canvi D" >> README.md
jpuigcerver@fp:~/git_revert (main) $ git commit -a -m "Canvi D"
[main 6ee1512] Canvi D
 1 file changed, 1 insertion(+)
jpuigcerver@fp:~/git_revert (main) $ echo "- Canvi E" >> README.md
jpuigcerver@fp:~/git_revert (main) $ git commit -a -m "Canvi E"
[main 638323d] Canvi E
 1 file changed, 1 insertion(+)
jpuigcerver@fp:~/git_revert (main) $ git lga
* 638323d - (0 seconds ago) Canvi E - Joan Puigcerver (HEAD -> main)
* 6ee1512 - (0 seconds ago) Canvi D - Joan Puigcerver
* ca9c622 - (0 seconds ago) Canvi C - Joan Puigcerver
* 3301ec5 - (0 seconds ago) Canvi B - Joan Puigcerver
* 662daed - (0 seconds ago) Canvi A - Joan Puigcerver
* ea15df3 - (0 seconds ago) Commit inicial - Joan Puigcerver
