jpuigcerver@fp:~/git_revert (main) $ cat README.md
# Git revert
- Canvi A
- Canvi B
jpuigcerver@fp:~/git_revert (main) $ git lga
* 48997dd - (0 seconds ago) Revert "Canvi C i D" - Joan Puigcerver (HEAD -> main)
* 176fb18 - (0 seconds ago) Revert "Canvi E" - Joan Puigcerver
* 638323d - (0 seconds ago) Canvi E - Joan Puigcerver
* 6ee1512 - (0 seconds ago) Canvi D - Joan Puigcerver
* ca9c622 - (0 seconds ago) Canvi C - Joan Puigcerver
* 3301ec5 - (0 seconds ago) Canvi B - Joan Puigcerver
* 662daed - (0 seconds ago) Canvi A - Joan Puigcerver
* ea15df3 - (0 seconds ago) Commit inicial - Joan Puigcerver
jpuigcerver@fp:~/git_revert (main) $ git revert 662daed
Auto-merging README.md
CONFLICT (content): Merge conflict in README.md
error: could not revert 662daed... Canvi A
hint: After resolving the conflicts, mark them with
hint: "git add/rm <pathspec>", then run
hint: "git revert --continue".
hint: You can instead skip this commit with "git revert --skip".
hint: To abort and get back to the state before "git revert",
hint: run "git revert --abort".
hint: Disable this message with "git config advice.mergeConflict false"
jpuigcerver@fp:~/git_revert (main|REVERTING) $ git status
On branch main
You are currently reverting commit 662daed.
  (fix conflicts and run "git revert --continue")
  (use "git revert --skip" to skip this patch)
  (use "git revert --abort" to cancel the revert operation)

Unmerged paths:
  (use "git restore --staged <file>..." to unstage)
  (use "git add <file>..." to mark resolution)
	both modified:   README.md

no changes added to commit (use "git add" and/or "git commit -a")
jpuigcerver@fp:~/git_revert (main|REVERTING) $ vim README.md # (1)!
jpuigcerver@fp:~/git_revert (main|REVERTING) $ cat README.md
# Git revert
- Canvi B
jpuigcerver@fp:~/git_revert (main|REVERTING) $ git diff
diff --cc README.md
index 395c8c6,9f757b1..0000000
--- a/README.md
+++ b/README.md
@@@ -1,3 -1,1 +1,2 @@@
  # Git revert
- - Canvi A
 +- Canvi B
jpuigcerver@fp:~/git_revert (main|REVERTING) $ git add README.md
jpuigcerver@fp:~/git_revert (main|REVERTING) $ git revert --continue --no-edit
[main 1d5cd2a] Revert "Canvi A"
 1 file changed, 1 deletion(-)
jpuigcerver@fp:~/git_revert (main) $ git lga
* 1d5cd2a - (0 seconds ago) Revert "Canvi A" - Joan Puigcerver (HEAD -> main)
* 48997dd - (0 seconds ago) Revert "Canvi C i D" - Joan Puigcerver
* 176fb18 - (0 seconds ago) Revert "Canvi E" - Joan Puigcerver
* 638323d - (0 seconds ago) Canvi E - Joan Puigcerver
* 6ee1512 - (0 seconds ago) Canvi D - Joan Puigcerver
* ca9c622 - (0 seconds ago) Canvi C - Joan Puigcerver
* 3301ec5 - (0 seconds ago) Canvi B - Joan Puigcerver
* 662daed - (0 seconds ago) Canvi A - Joan Puigcerver
* ea15df3 - (0 seconds ago) Commit inicial - Joan Puigcerver
