jpuigcerver@fp:~/git_revert (main) $ git lga
* 176fb18 - (0 seconds ago) Revert "Canvi E" - Joan Puigcerver (HEAD -> main)
* 638323d - (0 seconds ago) Canvi E - Joan Puigcerver
* 6ee1512 - (0 seconds ago) Canvi D - Joan Puigcerver
* ca9c622 - (0 seconds ago) Canvi C - Joan Puigcerver
* 3301ec5 - (0 seconds ago) Canvi B - Joan Puigcerver
* 662daed - (0 seconds ago) Canvi A - Joan Puigcerver
* ea15df3 - (0 seconds ago) Commit inicial - Joan Puigcerver
jpuigcerver@fp:~/git_revert (main) $ git revert 6ee1512 --no-commit
jpuigcerver@fp:~/git_revert (main|REVERTING) $ git status
On branch main
You are currently reverting commit 6ee1512.
  (all conflicts fixed: run "git revert --continue")
  (use "git revert --skip" to skip this patch)
  (use "git revert --abort" to cancel the revert operation)

Changes to be committed:
  (use "git restore --staged <file>..." to unstage)
	modified:   README.md

jpuigcerver@fp:~/git_revert (main|REVERTING) $ git diff --staged
diff --git a/README.md b/README.md
index 2a58c68..aa091c8 100644
--- a/README.md
+++ b/README.md
@@ -2,4 +2,3 @@
 - Canvi A
 - Canvi B
 - Canvi C
-- Canvi D
jpuigcerver@fp:~/git_revert (main|REVERTING) $ git revert ca9c622 --no-commit
jpuigcerver@fp:~/git_revert (main|REVERTING) $ git status
On branch main
You are currently reverting commit ca9c622.
  (all conflicts fixed: run "git revert --continue")
  (use "git revert --skip" to skip this patch)
  (use "git revert --abort" to cancel the revert operation)

Changes to be committed:
  (use "git restore --staged <file>..." to unstage)
	modified:   README.md

jpuigcerver@fp:~/git_revert (main|REVERTING) $ git diff --staged
diff --git a/README.md b/README.md
index 2a58c68..395c8c6 100644
--- a/README.md
+++ b/README.md
@@ -1,5 +1,3 @@
 # Git revert
 - Canvi A
 - Canvi B
-- Canvi C
-- Canvi D
jpuigcerver@fp:~/git_revert (main|REVERTING) $ git commit -m "Revert \"Canvi C i D\"" # (1)!
[main 48997dd] Revert "Canvi C i D"
 1 file changed, 2 deletions(-)
jpuigcerver@fp:~/git_revert (main) $ git lga
* 48997dd - (0 seconds ago) Revert "Canvi C i D" - Joan Puigcerver (HEAD -> main)
* 176fb18 - (0 seconds ago) Revert "Canvi E" - Joan Puigcerver
* 638323d - (0 seconds ago) Canvi E - Joan Puigcerver
* 6ee1512 - (0 seconds ago) Canvi D - Joan Puigcerver
* ca9c622 - (0 seconds ago) Canvi C - Joan Puigcerver
* 3301ec5 - (0 seconds ago) Canvi B - Joan Puigcerver
* 662daed - (0 seconds ago) Canvi A - Joan Puigcerver
* ea15df3 - (0 seconds ago) Commit inicial - Joan Puigcerver
jpuigcerver@fp:~/git_revert (main) $ git show
commit 48997dd0ec11c63c25e7e71f82bf0c6b6f4bfd21
Author: Joan Puigcerver <j.puigcerveribanez@edu.gva.es>
Date:   Tue Jan 21 12:13:30 2025 +0100

    Revert "Canvi C i D"

diff --git a/README.md b/README.md
index 2a58c68..395c8c6 100644
--- a/README.md
+++ b/README.md
@@ -1,5 +1,3 @@
 # Git revert
 - Canvi A
 - Canvi B
-- Canvi C
-- Canvi D
