jpuigcerver@fp:~/git_revert (main) $ git lga
* e21e6e4 - (0 seconds ago) Revert "Canvi C i D" - Joan Puigcerver (HEAD -> main)
* f08c8ae - (0 seconds ago) Revert "Canvi E" - Joan Puigcerver
* 6cd09f9 - (0 seconds ago) Canvi E - Joan Puigcerver
* ca42076 - (0 seconds ago) Canvi D - Joan Puigcerver
* 78c0b3b - (0 seconds ago) Canvi C - Joan Puigcerver
* a9eea89 - (0 seconds ago) Canvi B - Joan Puigcerver
* cebb303 - (0 seconds ago) Canvi A - Joan Puigcerver
* a5ce960 - (1 second ago) Commit inicial - Joan Puigcerver
jpuigcerver@fp:~/git_revert (main) $ cat README.md
# Git revert i revert
- Canvi A
- Canvi B
jpuigcerver@fp:~/git_revert (main) $ git revert cebb303
Auto-merging README.md
CONFLICT (content): Merge conflict in README.md
error: could not revert cebb303... Canvi A
hint: After resolving the conflicts, mark them with
hint: "git add/rm <pathspec>", then run
hint: "git revert --continue".
hint: You can instead skip this commit with "git revert --skip".
hint: To abort and get back to the state before "git revert",
hint: run "git revert --abort".
hint: Disable this message with "git config advice.mergeConflict false"
jpuigcerver@fp:~/git_revert (main|REVERTING) $ git status
On branch main
You are currently reverting commit cebb303.
  (fix conflicts and run "git revert --continue")
  (use "git revert --skip" to skip this patch)
  (use "git revert --abort" to cancel the revert operation)

Unmerged paths:
  (use "git restore --staged <file>..." to unstage)
  (use "git add <file>..." to mark resolution)
	both modified:   README.md

no changes added to commit (use "git add" and/or "git commit -a")
jpuigcerver@fp:~/git_revert (main|REVERTING) $ vim README.md # (1)!
jpuigcerver@fp:~/git_revert (main|REVERTING) $ cat README.md
# Git revert i revert
- Canvi B
jpuigcerver@fp:~/git_revert (main|REVERTING) $ git diff
diff --cc README.md
index b4f9000,3243c7e..0000000
--- a/README.md
+++ b/README.md
@@@ -1,3 -1,1 +1,2 @@@
  # Git revert i revert
- - Canvi A
 +- Canvi B
jpuigcerver@fp:~/git_revert (main|REVERTING) $ git add README.md
jpuigcerver@fp:~/git_revert (main|REVERTING) $ git revert --continue --no-edit
[main 6d56a3a] Revert "Canvi A"
 1 file changed, 1 deletion(-)
jpuigcerver@fp:~/git_revert (main) $ git lga
* 6d56a3a - (0 seconds ago) Revert "Canvi A" - Joan Puigcerver (HEAD -> main)
* e21e6e4 - (0 seconds ago) Revert "Canvi C i D" - Joan Puigcerver
* f08c8ae - (0 seconds ago) Revert "Canvi E" - Joan Puigcerver
* 6cd09f9 - (0 seconds ago) Canvi E - Joan Puigcerver
* ca42076 - (0 seconds ago) Canvi D - Joan Puigcerver
* 78c0b3b - (0 seconds ago) Canvi C - Joan Puigcerver
* a9eea89 - (0 seconds ago) Canvi B - Joan Puigcerver
* cebb303 - (0 seconds ago) Canvi A - Joan Puigcerver
* a5ce960 - (1 second ago) Commit inicial - Joan Puigcerver
