jpuigcerver@fp:~/git_cherrypick (main) $ git lga
* 0c28064 - (1 second ago) Canvi C - Joan Puigcerver (HEAD -> main)
* 6a5c752 - (0 seconds ago) Revert "Canvi A" - Joan Puigcerver
* aa99382 - (0 seconds ago) Revert "Canvi C i D" - Joan Puigcerver
* 2f610b9 - (1 second ago) Revert "Canvi E" - Joan Puigcerver
* ff4ae1c - (1 second ago) Canvi E - Joan Puigcerver
* a079d5b - (1 second ago) Canvi D - Joan Puigcerver
* 75f51e1 - (1 second ago) Canvi C - Joan Puigcerver
* fad1ea7 - (1 second ago) Canvi B - Joan Puigcerver
* 4d18d71 - (1 second ago) Canvi A - Joan Puigcerver
* 810ec42 - (1 second ago) Commit inicial - Joan Puigcerver
jpuigcerver@fp:~/git_cherrypick (main) $ git cherry-pick 4d18d71
Auto-merging README.md
CONFLICT (content): Merge conflict in README.md
error: could not apply 4d18d71... Canvi A
hint: After resolving the conflicts, mark them with
hint: "git add/rm <pathspec>", then run
hint: "git cherry-pick --continue".
hint: You can instead skip this commit with "git cherry-pick --skip".
hint: To abort and get back to the state before "git cherry-pick",
hint: run "git cherry-pick --abort".
hint: Disable this message with "git config advice.mergeConflict false"
jpuigcerver@fp:~/git_cherrypick (main|CHERRY-PICKING) $ vim README.md # (1)!
jpuigcerver@fp:~/git_cherrypick (main|CHERRY-PICKING) $ git diff
diff --cc README.md
index d6c55ca,2754255..0000000
--- a/README.md
+++ b/README.md
@@@ -1,3 -1,2 +1,4 @@@
  # Git revert i cherrypick
+ - Canvi A
 +- Canvi B
 +- Canvi C
jpuigcerver@fp:~/git_cherrypick (main|CHERRY-PICKING) $ git add README.md
jpuigcerver@fp:~/git_cherrypick (main|CHERRY-PICKING) $ git revert --continue --no-edit
[main d0bf36e] Canvi A
 Date: Sun Oct 20 22:15:45 2024 +0200
 1 file changed, 1 insertion(+)
jpuigcerver@fp:~/git_cherrypick (main) $ git lga
* d0bf36e - (1 second ago) Canvi A - Joan Puigcerver (HEAD -> main)
* 0c28064 - (1 second ago) Canvi C - Joan Puigcerver
* 6a5c752 - (0 seconds ago) Revert "Canvi A" - Joan Puigcerver
* aa99382 - (0 seconds ago) Revert "Canvi C i D" - Joan Puigcerver
* 2f610b9 - (1 second ago) Revert "Canvi E" - Joan Puigcerver
* ff4ae1c - (1 second ago) Canvi E - Joan Puigcerver
* a079d5b - (1 second ago) Canvi D - Joan Puigcerver
* 75f51e1 - (1 second ago) Canvi C - Joan Puigcerver
* fad1ea7 - (1 second ago) Canvi B - Joan Puigcerver
* 4d18d71 - (1 second ago) Canvi A - Joan Puigcerver
* 810ec42 - (1 second ago) Commit inicial - Joan Puigcerver
