jpuigcerver@fp:~/gitflow/remot (main) $ cd ~/gitflow
jpuigcerver@fp:~/gitflow $ git clone remot anna
Cloning into 'anna'...
done.
jpuigcerver@fp:~/gitflow $ git clone remot pau
Cloning into 'pau'...
done.
jpuigcerver@fp:~/gitflow $ git clone remot mar
Cloning into 'mar'...
done.
jpuigcerver@fp:~/gitflow $ git clone remot carles
Cloning into 'carles'...
done.
jpuigcerver@fp:~/gitflow $ tree .
/bin/bash: line 1: tree: command not found
