mar@fp:~/gitflow/mar (develop) $ git checkout feature/author
Your branch is up to date with 'origin/feature/author'.
Switched to branch 'feature/author'
mar@fp:~/gitflow/mar (feature/author) $ git rebase develop
Auto-merging README.md
CONFLICT (content): Merge conflict in README.md
Rebasing (1/4)
error: could not apply 0043084... README.md: Secció d'autors
hint: Resolve all conflicts manually, mark them as resolved with
hint: "git add/rm <conflicted_files>", then run "git rebase --continue".
hint: You can instead skip this commit: run "git rebase --skip".
hint: To abort and get back to the state before "git rebase", run "git rebase --abort".
hint: Disable this message with "git config advice.mergeConflict false"
Could not apply 0043084... README.md: Secció d'autors
mar@fp:~/gitflow/mar $ vim README.md # (1)!
mar@fp:~/gitflow/mar $ git add README.md
mar@fp:~/gitflow/mar $ git rebase --continue
[detached HEAD 844a772] README.md: Secció d'autors
 1 file changed, 2 insertions(+)
Rebasing (2/4)
Rebasing (3/4)
Rebasing (4/4)

                                                                                
Successfully rebased and updated refs/heads/feature/author.
mar@fp:~/gitflow/mar (feature/author) $ git lga
* db65dda - (0 seconds ago) Autors: Mar - Mar (HEAD -> feature/author)
* b621365 - (0 seconds ago) Autors: Pau - Mar
* 9c674af - (0 seconds ago) Autors: Anna - Mar
* 844a772 - (0 seconds ago) README.md: Secció d'autors - Mar
* feb6177 - (0 seconds ago) Merge branch 'feature/license' - Pau (origin/develop, develop)
* 6dcedfa - (0 seconds ago) Merge branch 'feature/readme' - Anna
| * 3e9f87b - (0 seconds ago) Autors: Mar - Mar (origin/feature/author)
| * 2d3d519 - (0 seconds ago) Autors: Pau - Mar
| * 7b77dba - (0 seconds ago) Autors: Anna - Mar
| * 0043084 - (0 seconds ago) README.md: Secció d'autors - Mar
|/  
* 58facc3 - (0 seconds ago) Commit inicial - Joan Puigcerver (origin/main, origin/HEAD, main)
mar@fp:~/gitflow/mar (feature/author) $ git push -f
To ~/gitflow/remot
 + 3e9f87b...db65dda feature/author -> feature/author (forced update)
mar@fp:~/gitflow/mar (feature/author) $ git lga
* db65dda - (0 seconds ago) Autors: Mar - Mar (HEAD -> feature/author, origin/feature/author)
* b621365 - (0 seconds ago) Autors: Pau - Mar
* 9c674af - (0 seconds ago) Autors: Anna - Mar
* 844a772 - (0 seconds ago) README.md: Secció d'autors - Mar
* feb6177 - (0 seconds ago) Merge branch 'feature/license' - Pau (origin/develop, develop)
* 6dcedfa - (0 seconds ago) Merge branch 'feature/readme' - Anna
* 58facc3 - (0 seconds ago) Commit inicial - Joan Puigcerver (origin/main, origin/HEAD, main)
