mar@fp:~/gitflow $ cd ~/gitflow/mar
mar@fp:~/gitflow/mar (main) $ git config user.name "Mar"
mar@fp:~/gitflow/mar (main) $ git config user.email "mar@fpmislata.com"
mar@fp:~/gitflow/mar (main) $ git checkout develop
branch 'develop' set up to track 'origin/develop'.
Switched to a new branch 'develop'
mar@fp:~/gitflow/mar (develop) $ git checkout -b feature/author
Switched to a new branch 'feature/author'
mar@fp:~/gitflow/mar (feature/author) $ echo "" >> README.md
mar@fp:~/gitflow/mar (feature/author) $ echo "## Autors" >> README.md
mar@fp:~/gitflow/mar (feature/author) $ git commit -a -m "README.md: Secció d'autors"
[feature/author 0043084] README.md: Secció d'autors
 1 file changed, 2 insertions(+)
mar@fp:~/gitflow/mar (feature/author) $ echo "- Anna (anna@fpmislata.com)" >> README.md
mar@fp:~/gitflow/mar (feature/author) $ git commit -a -m "Autors: Anna"
[feature/author 7b77dba] Autors: Anna
 1 file changed, 1 insertion(+)
mar@fp:~/gitflow/mar (feature/author) $ echo "- Pau (pau@fpmislata.com)" >> README.md
mar@fp:~/gitflow/mar (feature/author) $ git commit -a -m "Autors: Pau"
[feature/author 2d3d519] Autors: Pau
 1 file changed, 1 insertion(+)
mar@fp:~/gitflow/mar (feature/author) $ echo "- Mar (mar@fpmislata.com)" >> README.md
mar@fp:~/gitflow/mar (feature/author) $ git commit -a -m "Autors: Mar"
[feature/author 3e9f87b] Autors: Mar
 1 file changed, 1 insertion(+)
mar@fp:~/gitflow/mar (feature/author) $ git push
branch 'feature/author' set up to track 'origin/feature/author'.
To ~/gitflow/remot
 * [new branch]      feature/author -> feature/author
mar@fp:~/gitflow/mar (feature/author) $ git lga
* 3e9f87b - (0 seconds ago) Autors: Mar - Mar (HEAD -> feature/author, origin/feature/author)
* 2d3d519 - (0 seconds ago) Autors: Pau - Mar
* 7b77dba - (0 seconds ago) Autors: Anna - Mar
* 0043084 - (0 seconds ago) README.md: Secció d'autors - Mar
* 58facc3 - (0 seconds ago) Commit inicial - Joan Puigcerver (origin/main, origin/develop, origin/HEAD, main, develop)
