mar@fp:~/gitflow $ cd ~/gitflow/mar
mar@fp:~/gitflow/mar (main) $ git config user.name Mar
mar@fp:~/gitflow/mar (main) $ git config user.email mar@fpmislata.com
mar@fp:~/gitflow/mar (main) $ git checkout develop
Switched to a new branch 'develop'
branch 'develop' set up to track 'origin/develop'.
mar@fp:~/gitflow/mar (develop) $ git checkout -b feature/author
Switched to a new branch 'feature/author'
mar@fp:~/gitflow/mar (feature/author) $ echo 
mar@fp:~/gitflow/mar (feature/author) $ echo ## Autors
## Autors
mar@fp:~/gitflow/mar (feature/author) $ echo Anna, Pau, Mar i Carles
Anna, Pau, Mar i Carles
mar@fp:~/gitflow/mar (feature/author) $ git commit -a -m 4. Afegits autors
[feature/author 7a5dea6] 4. Afegits autors
 1 file changed, 5 insertions(+)
mar@fp:~/gitflow/mar (feature/author) $ git push
To ~/gitflow/remot
 * [new branch]      feature/author -> feature/author
branch 'feature/author' set up to track 'origin/feature/author'.
mar@fp:~/gitflow/mar (feature/author) $ git lga
* 7a5dea6 - (0 seconds ago) 4. Afegits autors - Mar (HEAD -> feature/author, origin/feature/author)
* 41c3aa7 - (0 seconds ago) 1. Primer commit - Joan Puigcerver (origin/main, origin/develop, origin/HEAD, main, develop)
