mar@fp:~/gitflow/mar (develop) $ git checkout feature/author
Your branch is up to date with 'origin/feature/author'.
Switched to branch 'feature/author'
mar@fp:~/gitflow/mar (feature/author) $ git merge --no-ff --no-edit develop # (1)!
Auto-merging README.md
CONFLICT (content): Merge conflict in README.md
Automatic merge failed; fix conflicts and then commit the result.
mar@fp:~/gitflow/mar (feature/author) $ vim README.md # (2)!
mar@fp:~/gitflow/mar (feature/author) $ git add README.md
mar@fp:~/gitflow/mar (feature/author) $ git commit --no-edit # (1)!
[feature/author 7b204df] Merge branch 'develop' into feature/author
mar@fp:~/gitflow/mar (feature/author) $ git lga
*   7b204df - (0 seconds ago) Merge branch 'develop' into feature/author - Mar (HEAD -> feature/author)
|\  
| * 15cc954 - (0 seconds ago) Merge branch 'feature/license' - Pau (origin/develop, develop)
| * 6096544 - (0 seconds ago) Merge branch 'feature/readme' - Anna
* | c797058 - (0 seconds ago) Autors: Mar - Mar (origin/feature/author)
* | e42be41 - (0 seconds ago) Autors: Pau - Mar
* | 1a39e97 - (0 seconds ago) Autors: Anna - Mar
* | c20b570 - (0 seconds ago) README.md: Secció d'autors - Mar
|/  
* 87c24d1 - (0 seconds ago) Commit inicial - Joan Puigcerver (origin/main, origin/HEAD, main)
