anna@fp:~/gitflow $ cd ~/gitflow/anna
anna@fp:~/gitflow/anna (develop) $ git checkout develop
Your branch is up to date with 'origin/develop'.
Already on 'develop'
anna@fp:~/gitflow/anna (develop) $ git fetch --prune
From ~/gitflow/remot
 - [deleted]         (none)     -> origin/feature/author
 - [deleted]         (none)     -> origin/feature/license
   6096544..cb8fb0e  develop    -> origin/develop
anna@fp:~/gitflow/anna (develop) $ git pull --ff-only
Updating 6096544..cb8fb0e
Fast-forward
 LICENSE   | 5 +++++
 README.md | 5 +++++
 2 files changed, 10 insertions(+)
 create mode 100644 LICENSE
anna@fp:~/gitflow/anna (develop) $ git lga
* cb8fb0e - (1 second ago) Merge branch 'feature/author' - Mar (HEAD -> develop, origin/develop)
* 15cc954 - (1 second ago) Merge branch 'feature/license' - Pau
* 6096544 - (1 second ago) Merge branch 'feature/readme' - Anna
* 87c24d1 - (1 second ago) Commit inicial - Joan Puigcerver (origin/main, origin/HEAD, main)
