anna@fp:~/gitflow/anna (release/v1.0.0) $ git checkout develop
Your branch is up to date with 'origin/develop'.
Switched to branch 'develop'
anna@fp:~/gitflow/anna (develop) $ git merge --ff-only release/v1.0.0
Updating cb8fb0e..f673e07
Fast-forward
 VERSION | 1 +
 1 file changed, 1 insertion(+)
 create mode 100644 VERSION
anna@fp:~/gitflow/anna (develop) $ git push
To ~/gitflow/remot
   cb8fb0e..f673e07  develop -> develop
anna@fp:~/gitflow/anna (develop) $ git lga
* f673e07 - (0 seconds ago) Publicada versió: v1.0.0 - Anna (HEAD -> develop, origin/develop, release/v1.0.0)
* cb8fb0e - (1 second ago) Merge branch 'feature/author' - Mar
* 15cc954 - (1 second ago) Merge branch 'feature/license' - Pau
* 6096544 - (1 second ago) Merge branch 'feature/readme' - Anna
* 87c24d1 - (1 second ago) Commit inicial - Joan Puigcerver (origin/main, origin/HEAD, main)
