pau@fp:~/gitflow/pau (feature/license) $ git checkout develop
Your branch is up to date with 'origin/develop'.
Switched to branch 'develop'
pau@fp:~/gitflow/pau (develop) $ git merge --squash feature/license
Updating 6dcedfa..0972583
Fast-forward
Squash commit -- not updating HEAD
 LICENSE | 5 +++++
 1 file changed, 5 insertions(+)
 create mode 100644 LICENSE
pau@fp:~/gitflow/pau (develop) $ git status
On branch develop
Your branch is up to date with 'origin/develop'.

Changes to be committed:
  (use "git restore --staged <file>..." to unstage)
	new file:   LICENSE

pau@fp:~/gitflow/pau (develop) $ git diff --staged
diff --git a/LICENSE b/LICENSE
new file mode 100644
index 0000000..809d714
--- /dev/null
+++ b/LICENSE
@@ -0,0 +1,5 @@
+
+## Llicència
+CC BY-NC-SA 4.0 DEED - Reconeixement-NoComercial-CompartirIgual 4.0 Internacional
+
+Més informació: https://creativecommons.org/licenses/by-nc-sa/4.0/deed.ca
pau@fp:~/gitflow/pau (develop) $ git commit -m "Merge branch 'feature/license'"
[develop feb6177] Merge branch 'feature/license'
 1 file changed, 5 insertions(+)
 create mode 100644 LICENSE
pau@fp:~/gitflow/pau (develop) $ git lga
* feb6177 - (0 seconds ago) Merge branch 'feature/license' - Pau (HEAD -> develop)
| * 0972583 - (0 seconds ago) LICENSE: Enllaç a la llicència - Pau (origin/feature/license, feature/license)
| * df2dff4 - (0 seconds ago) LICENSE: Afegida llicència - Pau
|/  
* 6dcedfa - (0 seconds ago) Merge branch 'feature/readme' - Anna (origin/develop)
| * 3e9f87b - (0 seconds ago) Autors: Mar - Mar (origin/feature/author)
| * 2d3d519 - (0 seconds ago) Autors: Pau - Mar
| * 7b77dba - (0 seconds ago) Autors: Anna - Mar
| * 0043084 - (0 seconds ago) README.md: Secció d'autors - Mar
|/  
* 58facc3 - (0 seconds ago) Commit inicial - Joan Puigcerver (origin/main, origin/HEAD, main)
