pau@fp:~/gitflow/pau (develop) $ git checkout feature/license
Your branch is up to date with 'origin/feature/license'.
Switched to branch 'feature/license'
pau@fp:~/gitflow/pau (feature/license) $ git rebase develop
Rebasing (1/2)
Rebasing (2/2)

[KSuccessfully rebased and updated refs/heads/feature/license.
pau@fp:~/gitflow/pau (feature/license) $ git lga
* 0972583 - (0 seconds ago) LICENSE: Enllaç a la llicència - Pau (HEAD -> feature/license)
* df2dff4 - (0 seconds ago) LICENSE: Afegida llicència - Pau
* 6dcedfa - (0 seconds ago) Merge branch 'feature/readme' - Anna (origin/develop, develop)
| * 3e9f87b - (0 seconds ago) Autors: Mar - Mar (origin/feature/author)
| * 2d3d519 - (0 seconds ago) Autors: Pau - Mar
| * 7b77dba - (0 seconds ago) Autors: Anna - Mar
| * 0043084 - (0 seconds ago) README.md: Secció d'autors - Mar
|/  
| * efc6b7f - (0 seconds ago) LICENSE: Enllaç a la llicència - Pau (origin/feature/license)
| * fcfe09d - (0 seconds ago) LICENSE: Afegida llicència - Pau
|/  
* 58facc3 - (0 seconds ago) Commit inicial - Joan Puigcerver (origin/main, origin/HEAD, main)
pau@fp:~/gitflow/pau (feature/license) $ git push -f
To ~/gitflow/remot
 + efc6b7f...0972583 feature/license -> feature/license (forced update)
pau@fp:~/gitflow/pau (feature/license) $ git lga
* 0972583 - (0 seconds ago) LICENSE: Enllaç a la llicència - Pau (HEAD -> feature/license, origin/feature/license)
* df2dff4 - (0 seconds ago) LICENSE: Afegida llicència - Pau
* 6dcedfa - (0 seconds ago) Merge branch 'feature/readme' - Anna (origin/develop, develop)
| * 3e9f87b - (0 seconds ago) Autors: Mar - Mar (origin/feature/author)
| * 2d3d519 - (0 seconds ago) Autors: Pau - Mar
| * 7b77dba - (0 seconds ago) Autors: Anna - Mar
| * 0043084 - (0 seconds ago) README.md: Secció d'autors - Mar
|/  
* 58facc3 - (0 seconds ago) Commit inicial - Joan Puigcerver (origin/main, origin/HEAD, main)
