pau@fp:~/gitflow/pau (feature/license) $ git checkout develop
Your branch is up to date with 'origin/develop'.
Switched to branch 'develop'
pau@fp:~/gitflow/pau (develop) $ git merge --squash feature/license
Updating 6096544..9bc6102
Fast-forward
Squash commit -- not updating HEAD
 LICENSE | 5 +++++
 1 file changed, 5 insertions(+)
 create mode 100644 LICENSE
pau@fp:~/gitflow/pau (develop) $ git status
On branch develop
Your branch is up to date with 'origin/develop'.

Changes to be committed:
  (use "git restore --staged <file>..." to unstage)
	new file:   LICENSE

pau@fp:~/gitflow/pau (develop) $ git diff --staged
diff --git a/LICENSE b/LICENSE
new file mode 100644
index 0000000..809d714
--- /dev/null
+++ b/LICENSE
@@ -0,0 +1,5 @@
+
+## Llicència
+CC BY-NC-SA 4.0 DEED - Reconeixement-NoComercial-CompartirIgual 4.0 Internacional
+
+Més informació: https://creativecommons.org/licenses/by-nc-sa/4.0/deed.ca
pau@fp:~/gitflow/pau (develop) $ git commit -m "Merge branch 'feature/license'"
[develop 15cc954] Merge branch 'feature/license'
 1 file changed, 5 insertions(+)
 create mode 100644 LICENSE
pau@fp:~/gitflow/pau (develop) $ git lga
* 15cc954 - (0 seconds ago) Merge branch 'feature/license' - Pau (HEAD -> develop)
| *   9bc6102 - (0 seconds ago) Merge branch 'develop' into feature/license - Pau (feature/license)
| |\  
| |/  
|/|   
* | 6096544 - (0 seconds ago) Merge branch 'feature/readme' - Anna (origin/develop)
| * 1d2a6af - (0 seconds ago) LICENSE: Enllaç a la llicència - Pau (origin/feature/license)
| * c522ea2 - (0 seconds ago) LICENSE: Afegida llicència - Pau
|/  
| * c797058 - (0 seconds ago) Autors: Mar - Mar (origin/feature/author)
| * e42be41 - (0 seconds ago) Autors: Pau - Mar
| * 1a39e97 - (0 seconds ago) Autors: Anna - Mar
| * c20b570 - (0 seconds ago) README.md: Secció d'autors - Mar
|/  
* 87c24d1 - (0 seconds ago) Commit inicial - Joan Puigcerver (origin/main, origin/HEAD, main)
