mar@fp:~/gitflow/mar (develop) $ git checkout feature/author
Your branch is up to date with 'origin/feature/author'.
Switched to branch 'feature/author'
mar@fp:~/gitflow/mar (feature/author) $ git merge --no-ff --no-edit develop # (1)!
Auto-merging README.md
CONFLICT (content): Merge conflict in README.md
Automatic merge failed; fix conflicts and then commit the result.
mar@fp:~/gitflow/mar (feature/author) $ vim README.md # (2)!
mar@fp:~/gitflow/mar (feature/author) $ git add README.md
mar@fp:~/gitflow/mar (feature/author) $ git commit --no-edit # (1)!
[feature/author 170a575] Merge branch 'develop' into feature/author
mar@fp:~/gitflow/mar (feature/author) $ git lga
*   170a575 - (0 seconds ago) Merge branch 'develop' into feature/author - Mar (HEAD -> feature/author)
|\  
| * 9ee1217 - (1 second ago) Merge branch 'feature/license' - Pau (origin/develop, develop)
| * 069239c - (1 second ago) Merge branch 'feature/readme' - Anna
* | 3e60c32 - (1 second ago) Autors: Mar - Mar (origin/feature/author)
* | 32a7bd7 - (1 second ago) Autors: Pau - Mar
* | cebc3c1 - (1 second ago) Autors: Anna - Mar
* | 0677978 - (1 second ago) README.md: Secció d'autors - Mar
|/  
* a1acfb5 - (1 second ago) Commit inicial - Joan Puigcerver (origin/main, origin/HEAD, main)
