pau@fp:~/gitflow $ cd ~/gitflow/pau
pau@fp:~/gitflow/pau (main) $ git config user.name "Pau"
pau@fp:~/gitflow/pau (main) $ git config user.email "pau@fpmislata.com"
pau@fp:~/gitflow/pau (main) $ git checkout develop
branch 'develop' set up to track 'origin/develop'.
Switched to a new branch 'develop'
pau@fp:~/gitflow/pau (develop) $ git checkout -b feature/license
Switched to a new branch 'feature/license'
pau@fp:~/gitflow/pau (feature/license) $ echo "" > LICENSE
pau@fp:~/gitflow/pau (feature/license) $ echo "## Llicència" >> LICENSE
pau@fp:~/gitflow/pau (feature/license) $ echo "CC BY-NC-SA 4.0 DEED - Reconeixement-NoComercial-CompartirIgual 4.0 Internacional" >> LICENSE
pau@fp:~/gitflow/pau (feature/license) $ git add LICENSE
pau@fp:~/gitflow/pau (feature/license) $ git commit -m "LICENSE: Afegida llicència"
[feature/license fcfe09d] LICENSE: Afegida llicència
 1 file changed, 3 insertions(+)
 create mode 100644 LICENSE
pau@fp:~/gitflow/pau (feature/license) $ echo "" >> LICENSE
pau@fp:~/gitflow/pau (feature/license) $ echo "Més informació: https://creativecommons.org/licenses/by-nc-sa/4.0/deed.ca" >> LICENSE
pau@fp:~/gitflow/pau (feature/license) $ git commit -a -m "LICENSE: Enllaç a la llicència"
[feature/license efc6b7f] LICENSE: Enllaç a la llicència
 1 file changed, 2 insertions(+)
pau@fp:~/gitflow/pau (feature/license) $ git push
branch 'feature/license' set up to track 'origin/feature/license'.
To ~/gitflow/remot
 * [new branch]      feature/license -> feature/license
pau@fp:~/gitflow/pau (feature/license) $ git lga
* efc6b7f - (0 seconds ago) LICENSE: Enllaç a la llicència - Pau (HEAD -> feature/license, origin/feature/license)
* fcfe09d - (0 seconds ago) LICENSE: Afegida llicència - Pau
* 58facc3 - (0 seconds ago) Commit inicial - Joan Puigcerver (origin/main, origin/develop, origin/HEAD, main, develop)
