carles@fp:~/gitflow $ cd ~/gitflow/carles
carles@fp:~/gitflow/carles (main) $ git config user.name Carles
carles@fp:~/gitflow/carles (main) $ git config user.email carles@fpmislata.com
carles@fp:~/gitflow/carles (main) $ git checkout develop
Switched to a new branch 'develop'
branch 'develop' set up to track 'origin/develop'.
carles@fp:~/gitflow/carles (develop) $ git checkout -b feature/documentacio
Switched to a new branch 'feature/documentacio'
carles@fp:~/gitflow/carles (feature/documentacio) $ echo 
carles@fp:~/gitflow/carles (feature/documentacio) $ echo ## Documentació
## Documentació
carles@fp:~/gitflow/carles (feature/documentacio) $ echo - https://git-scm.com/
- https://git-scm.com/
carles@fp:~/gitflow/carles (feature/documentacio) $ git commit -a -m 5. Afegida documentació
[feature/documentacio 3b033c4] 5. Afegida documentació
 1 file changed, 5 insertions(+)
carles@fp:~/gitflow/carles (feature/documentacio) $ git push
To ~/gitflow/remot
 * [new branch]      feature/documentacio -> feature/documentacio
branch 'feature/documentacio' set up to track 'origin/feature/documentacio'.
carles@fp:~/gitflow/carles (feature/documentacio) $ git lga
* 3b033c4 - (0 seconds ago) 5. Afegida documentació - Carles (HEAD -> feature/documentacio, origin/feature/documentacio)
* 41c3aa7 - (1 second ago) 1. Primer commit - Joan Puigcerver (origin/main, origin/develop, origin/HEAD, main, develop)
