mar@fp:~/gitflow/mar (feature/author) $ git checkout develop
Your branch is up to date with 'origin/develop'.
Switched to branch 'develop'
mar@fp:~/gitflow/mar (develop) $ git merge --squash feature/author
Updating 15cc954..7b204df
Fast-forward
Squash commit -- not updating HEAD
 README.md | 5 +++++
 1 file changed, 5 insertions(+)
mar@fp:~/gitflow/mar (develop) $ git status
On branch develop
Your branch is up to date with 'origin/develop'.

Changes to be committed:
  (use "git restore --staged <file>..." to unstage)
	modified:   README.md

mar@fp:~/gitflow/mar (develop) $ git diff --staged
diff --git a/README.md b/README.md
index 9e7f142..416ca41 100644
--- a/README.md
+++ b/README.md
@@ -1,4 +1,9 @@
 # Estratègies de ramificació
+
+## Autors
+- Anna (anna@fpmislata.com)
+- Pau (pau@fpmislata.com)
+- Mar (mar@fpmislata.com)
 Les estratègies de ramificació proporcionen un
 marc de treball organitzat que facilita la col·laboració
 entre diferents desenvolupadors en un mateix projecte
mar@fp:~/gitflow/mar (develop) $ git commit -m "Merge branch 'feature/author'"
[develop cb8fb0e] Merge branch 'feature/author'
 1 file changed, 5 insertions(+)
mar@fp:~/gitflow/mar (develop) $ git lga
* cb8fb0e - (0 seconds ago) Merge branch 'feature/author' - Mar (HEAD -> develop)
| *   7b204df - (0 seconds ago) Merge branch 'develop' into feature/author - Mar (feature/author)
| |\  
| |/  
|/|   
* | 15cc954 - (0 seconds ago) Merge branch 'feature/license' - Pau (origin/develop)
* | 6096544 - (0 seconds ago) Merge branch 'feature/readme' - Anna
| * c797058 - (0 seconds ago) Autors: Mar - Mar (origin/feature/author)
| * e42be41 - (0 seconds ago) Autors: Pau - Mar
| * 1a39e97 - (0 seconds ago) Autors: Anna - Mar
| * c20b570 - (0 seconds ago) README.md: Secció d'autors - Mar
|/  
* 87c24d1 - (0 seconds ago) Commit inicial - Joan Puigcerver (origin/main, origin/HEAD, main)
