mar@fp:~/gitflow/mar (feature/author) $ git checkout develop
Your branch is up to date with 'origin/develop'.
Switched to branch 'develop'
mar@fp:~/gitflow/mar (develop) $ git merge --squash feature/author
Updating 26e4b55..2d65a0b
Fast-forward
Squash commit -- not updating HEAD
 README.md | 5 +++++
 1 file changed, 5 insertions(+)
mar@fp:~/gitflow/mar (develop) $ git status
On branch develop
Your branch is up to date with 'origin/develop'.

Changes to be committed:
  (use "git restore --staged <file>..." to unstage)
	modified:   README.md

mar@fp:~/gitflow/mar (develop) $ git diff --staged
diff --git a/README.md b/README.md
index 9e7f142..416ca41 100644
--- a/README.md
+++ b/README.md
@@ -1,4 +1,9 @@
 # Estratègies de ramificació
+
+## Autors
+- Anna (anna@fpmislata.com)
+- Pau (pau@fpmislata.com)
+- Mar (mar@fpmislata.com)
 Les estratègies de ramificació proporcionen un
 marc de treball organitzat que facilita la col·laboració
 entre diferents desenvolupadors en un mateix projecte
mar@fp:~/gitflow/mar (develop) $ git commit -m "Merge branch 'feature/author'"
[develop 21278b3] Merge branch 'feature/author'
 1 file changed, 5 insertions(+)
mar@fp:~/gitflow/mar (develop) $ git lga
* 21278b3 - (0 seconds ago) Merge branch 'feature/author' - Mar (HEAD -> develop)
| *   2d65a0b - (0 seconds ago) Merge branch 'develop' into feature/author - Mar (feature/author)
| |\  
| |/  
|/|   
* | 26e4b55 - (0 seconds ago) Merge branch 'feature/license' - Pau (origin/develop)
* | 2241b23 - (1 second ago) Merge branch 'feature/readme' - Anna
| * 6a65cbc - (1 second ago) Autors: Mar - Mar (origin/feature/author)
| * 41f9bfe - (1 second ago) Autors: Pau - Mar
| * 36c37ef - (1 second ago) Autors: Anna - Mar
| * 4b4163e - (1 second ago) README.md: Secció d'autors - Mar
|/  
* b11655b - (2 seconds ago) Commit inicial - Joan Puigcerver (origin/main, origin/HEAD, main)
