pau@fp:~/gitflow/pau (feature/license) $ git checkout develop
Your branch is up to date with 'origin/develop'.
Switched to branch 'develop'
pau@fp:~/gitflow/pau (develop) $ git merge --squash feature/license
Updating 2241b23..b09b1fb
Fast-forward
Squash commit -- not updating HEAD
 LICENSE | 5 +++++
 1 file changed, 5 insertions(+)
 create mode 100644 LICENSE
pau@fp:~/gitflow/pau (develop) $ git status
On branch develop
Your branch is up to date with 'origin/develop'.

Changes to be committed:
  (use "git restore --staged <file>..." to unstage)
	new file:   LICENSE

pau@fp:~/gitflow/pau (develop) $ git diff --staged
diff --git a/LICENSE b/LICENSE
new file mode 100644
index 0000000..809d714
--- /dev/null
+++ b/LICENSE
@@ -0,0 +1,5 @@
+
+## Llicència
+CC BY-NC-SA 4.0 DEED - Reconeixement-NoComercial-CompartirIgual 4.0 Internacional
+
+Més informació: https://creativecommons.org/licenses/by-nc-sa/4.0/deed.ca
pau@fp:~/gitflow/pau (develop) $ git commit -m "Merge branch 'feature/license'"
[develop 26e4b55] Merge branch 'feature/license'
 1 file changed, 5 insertions(+)
 create mode 100644 LICENSE
pau@fp:~/gitflow/pau (develop) $ git lga
* 26e4b55 - (0 seconds ago) Merge branch 'feature/license' - Pau (HEAD -> develop)
| *   b09b1fb - (1 second ago) Merge branch 'develop' into feature/license - Pau (feature/license)
| |\  
| |/  
|/|   
* | 2241b23 - (1 second ago) Merge branch 'feature/readme' - Anna (origin/develop)
| * c424285 - (1 second ago) LICENSE: Enllaç a la llicència - Pau (origin/feature/license)
| * 2da5ca1 - (1 second ago) LICENSE: Afegida llicència - Pau
|/  
| * 6a65cbc - (1 second ago) Autors: Mar - Mar (origin/feature/author)
| * 41f9bfe - (1 second ago) Autors: Pau - Mar
| * 36c37ef - (1 second ago) Autors: Anna - Mar
| * 4b4163e - (1 second ago) README.md: Secció d'autors - Mar
|/  
* b11655b - (2 seconds ago) Commit inicial - Joan Puigcerver (origin/main, origin/HEAD, main)
