jpuigcerver@fp:~/git_cherrypick (main) $ git checkout branca2
Switched to branch 'branca2'
jpuigcerver@fp:~/git_cherrypick (branca2) $ git lga
* 63bc96c - (0 seconds ago) Canvi D - Joan Puigcerver (branca1)
* 57e4510 - (0 seconds ago) Canvi C - Joan Puigcerver
* b257248 - (0 seconds ago) Canvi B - Joan Puigcerver (main)
| * e41eeb7 - (0 seconds ago) Canvi E - Joan Puigcerver (HEAD -> branca2)
|/  
* b619158 - (0 seconds ago) Canvi A - Joan Puigcerver
* 2573bfa - (0 seconds ago) Commit inicial - Joan Puigcerver
jpuigcerver@fp:~/git_cherrypick (branca2) $ git cherry-pick b257248
Auto-merging README.md
CONFLICT (content): Merge conflict in README.md
error: could not apply b257248... Canvi B
hint: After resolving the conflicts, mark them with
hint: "git add/rm <pathspec>", then run
hint: "git cherry-pick --continue".
hint: You can instead skip this commit with "git cherry-pick --skip".
hint: To abort and get back to the state before "git cherry-pick",
hint: run "git cherry-pick --abort".
hint: Disable this message with "git config advice.mergeConflict false"
jpuigcerver@fp:~/git_cherrypick (branca2|CHERRY-PICKING) $ vim README.md # (1)!
jpuigcerver@fp:~/git_cherrypick (branca2|CHERRY-PICKING) $ git diff
diff --cc README.md
index cc7a435,96d14f1..0000000
--- a/README.md
+++ b/README.md
@@@ -1,3 -1,3 +1,4 @@@
  # Git cherrypick
  - Canvi A
+ - Canvi B
 +- Canvi E
jpuigcerver@fp:~/git_cherrypick (branca2|CHERRY-PICKING) $ git add README.md
jpuigcerver@fp:~/git_cherrypick (branca2|CHERRY-PICKING) $ git revert --continue --no-edit
[branca2 0852f07] Canvi B
 Date: Mon Jan 20 18:57:59 2025 +0100
 1 file changed, 1 insertion(+)
jpuigcerver@fp:~/git_cherrypick (branca2) $ git lga
* 63bc96c - (0 seconds ago) Canvi D - Joan Puigcerver (branca1)
* 57e4510 - (0 seconds ago) Canvi C - Joan Puigcerver
* b257248 - (0 seconds ago) Canvi B - Joan Puigcerver (main)
| * 0852f07 - (0 seconds ago) Canvi B - Joan Puigcerver (HEAD -> branca2)
| * e41eeb7 - (0 seconds ago) Canvi E - Joan Puigcerver
|/  
* b619158 - (0 seconds ago) Canvi A - Joan Puigcerver
* 2573bfa - (0 seconds ago) Commit inicial - Joan Puigcerver
