jpuigcerver@fp:~ $ mkdir -p ~/git_cherrypick
jpuigcerver@fp:~ $ cd ~/git_cherrypick
jpuigcerver@fp:~/git_cherrypick $ git init
Initialized empty Git repository in ~/git_cherrypick/.git/
jpuigcerver@fp:~/git_cherrypick (main) $ git branch -m main
jpuigcerver@fp:~/git_cherrypick (main) $ echo "# Git cherrypick" > README.md
jpuigcerver@fp:~/git_cherrypick (main) $ git add README.md
jpuigcerver@fp:~/git_cherrypick (main) $ git commit -m "Commit inicial"
[main (root-commit) 2573bfa] Commit inicial
 1 file changed, 1 insertion(+)
 create mode 100644 README.md
jpuigcerver@fp:~/git_cherrypick (main) $ echo "- Canvi A" >> README.md
jpuigcerver@fp:~/git_cherrypick (main) $ git commit -a -m "Canvi A"
[main b619158] Canvi A
 1 file changed, 1 insertion(+)
jpuigcerver@fp:~/git_cherrypick (main) $ git branch branca1
jpuigcerver@fp:~/git_cherrypick (main) $ git branch branca2
jpuigcerver@fp:~/git_cherrypick (main) $ git checkout branca1
Switched to branch 'branca1'
jpuigcerver@fp:~/git_cherrypick (branca1) $ echo "- Canvi B" >> README.md
jpuigcerver@fp:~/git_cherrypick (branca1) $ git commit -a -m "Canvi B"
[branca1 b257248] Canvi B
 1 file changed, 1 insertion(+)
jpuigcerver@fp:~/git_cherrypick (branca1) $ echo "- Canvi C" >> README.md
jpuigcerver@fp:~/git_cherrypick (branca1) $ git commit -a -m "Canvi C"
[branca1 57e4510] Canvi C
 1 file changed, 1 insertion(+)
jpuigcerver@fp:~/git_cherrypick (branca1) $ echo "- Canvi D" >> README.md
jpuigcerver@fp:~/git_cherrypick (branca1) $ git commit -a -m "Canvi D"
[branca1 63bc96c] Canvi D
 1 file changed, 1 insertion(+)
jpuigcerver@fp:~/git_cherrypick (branca1) $ git checkout branca2
Switched to branch 'branca2'
jpuigcerver@fp:~/git_cherrypick (branca2) $ echo "- Canvi E" >> README.md
jpuigcerver@fp:~/git_cherrypick (branca2) $ git commit -a -m "Canvi E"
[branca2 e41eeb7] Canvi E
 1 file changed, 1 insertion(+)
jpuigcerver@fp:~/git_cherrypick (branca2) $ git checkout main
Switched to branch 'main'
jpuigcerver@fp:~/git_cherrypick (main) $ git lga
* 63bc96c - (0 seconds ago) Canvi D - Joan Puigcerver (branca1)
* 57e4510 - (0 seconds ago) Canvi C - Joan Puigcerver
* b257248 - (0 seconds ago) Canvi B - Joan Puigcerver
| * e41eeb7 - (0 seconds ago) Canvi E - Joan Puigcerver (branca2)
|/  
* b619158 - (0 seconds ago) Canvi A - Joan Puigcerver (HEAD -> main)
* 2573bfa - (0 seconds ago) Commit inicial - Joan Puigcerver
