jpuigcerver@fp:~ $ mkdir -p ~/git_cherrypick
jpuigcerver@fp:~ $ cd ~/git_cherrypick
jpuigcerver@fp:~/git_cherrypick $ git init
Initialized empty Git repository in ~/git_cherrypick/.git/
jpuigcerver@fp:~/git_cherrypick (main) $ git branch -m main
jpuigcerver@fp:~/git_cherrypick (main) $ echo "# Git cherrypick" > README.md
jpuigcerver@fp:~/git_cherrypick (main) $ git add README.md
jpuigcerver@fp:~/git_cherrypick (main) $ git commit -m "Commit inicial"
[main (root-commit) d5ab1f2] Commit inicial
 1 file changed, 1 insertion(+)
 create mode 100644 README.md
jpuigcerver@fp:~/git_cherrypick (main) $ git branch begudes
jpuigcerver@fp:~/git_cherrypick (main) $ git branch menjar
jpuigcerver@fp:~/git_cherrypick (main) $ git checkout begudes
Switched to branch 'begudes'
jpuigcerver@fp:~/git_cherrypick (begudes) $ echo "Aigua" >> begudes.txt
jpuigcerver@fp:~/git_cherrypick (begudes) $ git add begudes.txt
jpuigcerver@fp:~/git_cherrypick (begudes) $ git commit -m "Begudes: aigua"
[begudes 6c46784] Begudes: aigua
 1 file changed, 1 insertion(+)
 create mode 100644 begudes.txt
jpuigcerver@fp:~/git_cherrypick (begudes) $ echo "Refresc" >> begudes.txt
jpuigcerver@fp:~/git_cherrypick (begudes) $ git commit -a -m "Begudes: refresc"
[begudes 426ff20] Begudes: refresc
 1 file changed, 1 insertion(+)
jpuigcerver@fp:~/git_cherrypick (begudes) $ git checkout main
Switched to branch 'main'
jpuigcerver@fp:~/git_cherrypick (main) $ git lga
* 426ff20 - (0 seconds ago) Begudes: refresc - Joan Puigcerver (begudes)
* 6c46784 - (0 seconds ago) Begudes: aigua - Joan Puigcerver
* d5ab1f2 - (0 seconds ago) Commit inicial - Joan Puigcerver (HEAD -> main, menjar)
