jpuigcerver@fp:~/git_cherrypick (main) $ git checkout begudes
Switched to branch 'begudes'
jpuigcerver@fp:~/git_cherrypick (begudes) $ echo "Pa" >> menjar.txt
jpuigcerver@fp:~/git_cherrypick (begudes) $ git add menjar.txt
jpuigcerver@fp:~/git_cherrypick (begudes) $ git commit -m "Menjar: pa"
[begudes bb49923] Menjar: pa
 1 file changed, 1 insertion(+)
 create mode 100644 menjar.txt
jpuigcerver@fp:~/git_cherrypick (begudes) $ git lga
* bb49923 - (0 seconds ago) Menjar: pa - Joan Puigcerver (HEAD -> begudes)
* 426ff20 - (1 second ago) Begudes: refresc - Joan Puigcerver
* 6c46784 - (1 second ago) Begudes: aigua - Joan Puigcerver
* d5ab1f2 - (1 second ago) Commit inicial - Joan Puigcerver (menjar, main)
