jpuigcerver@fp:~/git_cherrypick (main) $ git lga
* aa99382 - (0 seconds ago) Revert "Canvi C i D" - Joan Puigcerver (HEAD -> main)
* 2f610b9 - (1 second ago) Revert "Canvi E" - Joan Puigcerver
* ff4ae1c - (1 second ago) Canvi E - Joan Puigcerver
* a079d5b - (1 second ago) Canvi D - Joan Puigcerver
* 75f51e1 - (1 second ago) Canvi C - Joan Puigcerver
* fad1ea7 - (1 second ago) Canvi B - Joan Puigcerver
* 4d18d71 - (1 second ago) Canvi A - Joan Puigcerver
* 810ec42 - (1 second ago) Commit inicial - Joan Puigcerver
jpuigcerver@fp:~/git_cherrypick (main) $ git revert 4d18d71
Auto-merging README.md
CONFLICT (content): Merge conflict in README.md
error: could not revert 4d18d71... Canvi A
hint: After resolving the conflicts, mark them with
hint: "git add/rm <pathspec>", then run
hint: "git revert --continue".
hint: You can instead skip this commit with "git revert --skip".
hint: To abort and get back to the state before "git revert",
hint: run "git revert --abort".
hint: Disable this message with "git config advice.mergeConflict false"
jpuigcerver@fp:~/git_cherrypick (main|REVERTING) $ git status
On branch main
You are currently reverting commit 4d18d71.
  (fix conflicts and run "git revert --continue")
  (use "git revert --skip" to skip this patch)
  (use "git revert --abort" to cancel the revert operation)

Unmerged paths:
  (use "git restore --staged <file>..." to unstage)
  (use "git add <file>..." to mark resolution)
	both modified:   README.md

no changes added to commit (use "git add" and/or "git commit -a")
jpuigcerver@fp:~/git_cherrypick (main|REVERTING) $ vim README.md # (1)!
jpuigcerver@fp:~/git_cherrypick (main|REVERTING) $ git diff
diff --cc README.md
index 5377894,376d064..0000000
--- a/README.md
+++ b/README.md
@@@ -1,3 -1,1 +1,2 @@@
  # Git revert i cherrypick
- - Canvi A
 +- Canvi B
jpuigcerver@fp:~/git_cherrypick (main|REVERTING) $ git add README.md
jpuigcerver@fp:~/git_cherrypick (main|REVERTING) $ git revert --continue --no-edit
[main 6a5c752] Revert "Canvi A"
 1 file changed, 1 deletion(-)
jpuigcerver@fp:~/git_cherrypick (main) $ git lga
* 6a5c752 - (0 seconds ago) Revert "Canvi A" - Joan Puigcerver (HEAD -> main)
* aa99382 - (0 seconds ago) Revert "Canvi C i D" - Joan Puigcerver
* 2f610b9 - (1 second ago) Revert "Canvi E" - Joan Puigcerver
* ff4ae1c - (1 second ago) Canvi E - Joan Puigcerver
* a079d5b - (1 second ago) Canvi D - Joan Puigcerver
* 75f51e1 - (1 second ago) Canvi C - Joan Puigcerver
* fad1ea7 - (1 second ago) Canvi B - Joan Puigcerver
* 4d18d71 - (1 second ago) Canvi A - Joan Puigcerver
* 810ec42 - (1 second ago) Commit inicial - Joan Puigcerver
