jpuigcerver@fp:~/git_reset (main) $ git reset --mixed 04fafb7
Unstaged changes after reset:
M	README.md
jpuigcerver@fp:~/git_reset (main) $ git status
On branch main
Changes not staged for commit:
  (use "git add <file>..." to update what will be committed)
  (use "git restore <file>..." to discard changes in working directory)
	modified:   README.md

no changes added to commit (use "git add" and/or "git commit -a")
jpuigcerver@fp:~/git_reset (main) $ git lga
* 04fafb7 - (0 seconds ago) Canvi B - Joan Puigcerver (HEAD -> main)
* 4dc7c85 - (0 seconds ago) Canvi A - Joan Puigcerver
* 16786db - (0 seconds ago) Commit inicial - Joan Puigcerver
